// Jest Snapshot v1, https://goo.gl/fbAQLP

exports[`string version handling migrates version "1.0.0" correctly 1`] = `
{
  "codebook": {
    "node": {
      "disallowedType": {
        "name": "disallowed_type_name",
        "variables": {
          "invalidExampleVariable": {
            "name": "variable_with_disallowed_characters",
          },
          "invalidExampleVariableDuplicate": {
            "name": "variable_with_disallowed_characters2",
          },
        },
      },
    },
  },
  "schemaVersion": 4,
  "stages": [],
}
`;
